* Failed to load regulatory.db file and error whitlist initialise SD CARD #yocto #linux #bitbake #imx8 #imx6 #kirkstone
@ 2023-03-18 20:12 Nikita Gupta
  2023-03-19  2:20 ` [yocto] " Tim Orling
  0 siblings, 1 reply; 2+ messages in thread
From: Nikita Gupta @ 2023-03-18 20:12 UTC (permalink / raw)
  To: yocto


[-- Attachment #1.1: Type: text/plain, Size: 3996 bytes --]

Hello all,

I have made linux image for IMX8MPLUS with the help of Yocto and flash the image on a custom board which is using IMX8MPLUS processor (Image made for IMX8MPLUS will be required for that board) when i flash that image on IMX8MPLUS-evk Board then it works fine but when i flash that image on that custom board it does'nt boot properly and showing below  errors .  It is not reaching till user prompt as in evk board appears and showing failed to load regualtory.db file.

I am putting logs here only of errors and complete file of log i am attaching in attachment.

[*]-Video Link 0adv7535_mipi2hdmi adv7535@3d: Can't find cec device id=0x3c
fail to probe panel device adv7535@3d
fail to get display timings
probe video device failed, ret -19

[0] lcd-controller@32e80000, video
[1] mipi_dsi@32e60000, video_bridge
[2] adv7535@3d, panel
adv7535_mipi2hdmi adv7535@3d: Can't find cec device id=0x3c
fail to probe panel device adv7535@3d
fail to get display timings
probe video device failed, ret -19
In:    serial
Out:   serial
Err:   serial
SEC0:  RNG instantiated

BuildInfo:
- ATF 3c1583b

MMC: no card present
flash target is MMC:1
MMC: no card present
MMC card init failed!
MMC: no card present
** Block device MMC 1 not supported
Net:
Warning: ethernet@30bf0000 (eth1) using random MAC address - 2a:99:bd:59:06:d1

Warning: ethernet@30be0000 (eth0) using random MAC address - 62:30:24:eb:30:15
eth0: ethernet@30be0000, eth1: ethernet@30bf0000 [PRIME]
Fastboot: Normal
Normal Boot

[    0.204629] imx-sdma 30bd0000.dma-controller: Direct firmware load for imx/sdma/sdma-imx7d.bin failed with error -2
[    0.204651] imx-sdma 30bd0000.dma-controller: Falling back to sysfs fallback for: imx/sdma/sdma-imx7d.bin
[    0.206434] mxs-dma 33000000.dma-apbh: initialized
[    0.208257] SoC: i.MX8MP revision 1.1
[    0.208875] Bus freq driver module loaded

[    2.995746] imx-drm display-subsystem: bound 32c00000.bus:ldb@32ec005c (ops imx8mp_ldb_ops)
[    3.004136] imx-drm display-subsystem: bound 32fd8000.hdmi (ops dw_hdmi_imx_ops)
[    3.012410] [drm] Initialized imx-drm 1.0.0 20120507 for display-subsystem on minor 1
[    3.091503] mmc1: error -123 whilst initialising SD card
[    3.211495] mmc1: error -123 whilst initialising SD card
[    3.345894] mmc1: error -123 whilst initialising SD card
[    3.355608] Console: switching to colour frame buffer device 100x37
[    3.383493] imx-drm display-subsystem: [drm] fb0: imx-drmdrmfb frame buffer device
[    3.397807] isi-m2m 32e00000.isi:m2m_device: Register m2m success for ISI.0
[    3.404971] cfg80211: Loading compiled-in X.509 certificates for regulatory database
[    3.415122] cfg80211: Loaded X.509 cert 'sforshee: 00b28ddf47aef9cea7'
[    3.421745] platform regulatory.0: Direct firmware load for regulatory.db failed with error -2
[    3.430369] platform regulatory.0: Falling back to sysfs fallback for: regulatory.db
[    3.445673] ALSA device list:
[    3.448665]   No soundcards found.
[    3.685990] imx6q-pcie 33800000.pcie: Phy link never came up
[    3.691704] imx6q-pcie: probe of 33800000.pcie failed with error -110
[    3.699563] Waiting for root device /dev/mmcblk1p2...
[   60.412469] imx-sdma 30e10000.dma-controller: Direct firmware load for imx/sdma/sdma-imx7d.bin failed with error -2
[   60.422936] imx-sdma 30e10000.dma-controller: Falling back to sysfs fallback for: imx/sdma/sdma-imx7d.bin
[   64.480489] cfg80211: failed to load regulatory.db
[   78.272425] random: crng init done
[  121.824795] imx-sdma 30e10000.dma-controller: external firmware not found, using ROM firmware
[  121.825045] imx-sdma 30bd0000.dma-controller: external firmware not found, using ROM firmware

What i tried to resolve this . I enablea DMA Support and SDMA Driver in kernel configuration by "bitbake linux-imx -c menuconfig". But getting same error. Please help me into this.

[-- Attachment #1.2: Type: text/html, Size: 5266 bytes --]

[-- Attachment #2: new-sd-card-image --]
[-- Type: application/octet-stream, Size: 31478 bytes --]


U-Boot SPL 2022.04-lf_v2022.04+g181859317b (Nov 15 2022 - 06:28:05 +0000)
DDRINFO: start DRAM init
DDRINFO: DRAM rate 4000MTS
DDRINFO:ddrphy calibration done
DDRINFO: ddrmix config done
SEC0:  RNG instantiated
Normal Boot
Trying to boot from BOOTROM
Boot Stage: Primary boot
image offset 0x8000, pagesize 0x200, ivt offset 0x0
NOTICE:  BL31: v2.6(release):lf-5.15.71-2.2.0-0-g3c1583ba0
NOTICE:  BL31: Built : 11:00:38, Nov 21 2022


U-Boot 2022.04-lf_v2022.04+g181859317b (Nov 15 2022 - 06:28:05 +0000)

CPU:   i.MX8MP[6] rev1.1 1600 MHz (running at 1200 MHz)
CPU:   Industrial temperature grade (-40C to 105C) at 30C
Reset cause: POR
Model: NXP i.MX8MPlus LPDDR4 EVK board
DRAM:  6 GiB
tcpc_init: Can't find device id=0x50
setup_typec: tcpc port2 init failed, err=-19
tcpc_init: Can't find device id=0x50
setup_typec: tcpc port1 init failed, err=-19
Core:  194 devices, 29 uclasses, devicetree: separate
MMC:   FSL_SDHC: 1, FSL_SDHC: 2
Loading Environment from MMC... *** Warning - No block device, using default environment

[*]-Video Link 0adv7535_mipi2hdmi adv7535@3d: Can't find cec device id=0x3c
fail to probe panel device adv7535@3d
fail to get display timings
probe video device failed, ret -19

	[0] lcd-controller@32e80000, video
	[1] mipi_dsi@32e60000, video_bridge
	[2] adv7535@3d, panel
adv7535_mipi2hdmi adv7535@3d: Can't find cec device id=0x3c
fail to probe panel device adv7535@3d
fail to get display timings
probe video device failed, ret -19
In:    serial
Out:   serial
Err:   serial
SEC0:  RNG instantiated

 BuildInfo:
  - ATF 3c1583b

MMC: no card present
flash target is MMC:1
MMC: no card present
MMC card init failed!
MMC: no card present
** Block device MMC 1 not supported
Net:   
Warning: ethernet@30bf0000 (eth1) using random MAC address - 2a:99:bd:59:06:d1

Warning: ethernet@30be0000 (eth0) using random MAC address - 62:30:24:eb:30:15
eth0: ethernet@30be0000, eth1: ethernet@30bf0000 [PRIME]
Fastboot: Normal
Normal Boot
Hit any key to stop autoboot:  2  1  0 
starting USB...
Bus usb@38100000: Failed to initialize board for imx8m USB
probe failed, error -22
Bus usb@38200000: Register 2000140 NbrPorts 2
Starting the controller
USB XHCI 1.10
scanning bus usb@38200000 for devices... 1 USB Device(s) found
       scanning usb for storage devices... 0 Storage Device(s) found

Device 0: unknown device
switch to partitions #0, OK
mmc1 is current device
Scanning mmc 1:1...
64669 bytes read in 4 ms (15.4 MiB/s)
Scanning disk mmc@30b50000.blk...
Scanning disk mmc@30b60000.blk...
Found 4 disks
Unable to open OP-TEE session (err=-5)
mm_communicate failed!
Error: Cannot initialize UEFI sub-system, r = 3
switch to partitions #0, OK
mmc2(part 0) is current device
** No partition table - mmc 2 **
Couldn't find partition mmc 2:1
Running BSP bootcmd ...
switch to partitions #0, OK
mmc1 is current device
Failed to load 'boot.scr'
31076864 bytes read in 332 ms (89.3 MiB/s)
Booting from mmc ...
64669 bytes read in 3 ms (20.6 MiB/s)
## Flattened Device Tree blob at 43000000
   Booting using the fdt blob at 0x43000000
clk usb_phy_root_clk already disabled
   Using Device Tree in place at 0000000043000000, end 0000000043012c9c
Modify /vipsi@38500000:status disabled
Modify /dsp@3b6e8000:status disabled
adv7535_mipi2hdmi adv7535@3d: Can't find cec device id=0x3c
fail to probe panel device adv7535@3d
fail to get display timings
probe video device failed, ret -19

Starting kernel ...

[    0.000000] Booting Linux on physical CPU 0x0000000000 [0x410fd034]
[    0.000000] Linux version 5.15.71+g3313732e9984 (oe-user@oe-host) (aarch64-poky-linux-gcc (GCC) 11.3.0, GNU ld (GNU Binutils) 2.38.20220708) #1 SMP PREEMPT Tue Nov 15 10:35:06 UTC 2022
[    0.000000] Machine model: NXP i.MX8MPlus EVK board
[    0.000000] efi: UEFI not found.
[    0.000000] Reserved memory: created CMA memory pool at 0x00000000c4000000, size 960 MiB
[    0.000000] OF: reserved mem: initialized node linux,cma, compatible id shared-dma-pool
[    0.000000] Reserved memory: created DMA memory pool at 0x0000000094300000, size 1 MiB
[    0.000000] OF: reserved mem: initialized node vdev0buffer@94300000, compatible id shared-dma-pool
[    0.000000] NUMA: No NUMA configuration found
[    0.000000] NUMA: Faking a node at [mem 0x0000000040000000-0x00000001bfffffff]
[    0.000000] NUMA: NODE_DATA [mem 0x1bf442800-0x1bf444fff]
[    0.000000] Zone ranges:
[    0.000000]   DMA      [mem 0x0000000040000000-0x00000000ffffffff]
[    0.000000]   DMA32    empty
[    0.000000]   Normal   [mem 0x0000000100000000-0x00000001bfffffff]
[    0.000000] Movable zone start for each node
[    0.000000] Early memory node ranges
[    0.000000]   node   0: [mem 0x0000000040000000-0x0000000055ffffff]
[    0.000000]   node   0: [mem 0x0000000058000000-0x00000000923fffff]
[    0.000000]   node   0: [mem 0x0000000092400000-0x00000000a43fffff]
[    0.000000]   node   0: [mem 0x00000000a4400000-0x00000001bfffffff]
[    0.000000] Initmem setup node 0 [mem 0x0000000040000000-0x00000001bfffffff]
[    0.000000] On node 0, zone DMA: 8192 pages in unavailable ranges
[    0.000000] psci: probing for conduit method from DT.
[    0.000000] psci: PSCIv1.1 detected in firmware.
[    0.000000] psci: Using standard PSCI v0.2 function IDs
[    0.000000] psci: Trusted OS migration not required
[    0.000000] psci: SMC Calling Convention v1.2
[    0.000000] percpu: Embedded 20 pages/cpu s41368 r8192 d32360 u81920
[    0.000000] Detected VIPT I-cache on CPU0
[    0.000000] CPU features: detected: GIC system register CPU interface
[    0.000000] CPU features: detected: ARM erratum 845719
[    0.000000] Built 1 zonelists, mobility grouping on.  Total pages: 1540096
[    0.000000] Policy zone: Normal
[    0.000000] Kernel command line: console=ttymxc1,115200 root=/dev/mmcblk1p2 rootwait rw
[    0.000000] Dentry cache hash table entries: 1048576 (order: 11, 8388608 bytes, linear)
[    0.000000] Inode-cache hash table entries: 524288 (order: 10, 4194304 bytes, linear)
[    0.000000] mem auto-init: stack:off, heap alloc:off, heap free:off
[    0.000000] software IO TLB: mapped [mem 0x00000000c0000000-0x00000000c4000000] (64MB)
[    0.000000] Memory: 4760460K/6258688K available (18560K kernel code, 1548K rwdata, 7172K rodata, 2944K init, 543K bss, 515188K reserved, 983040K cma-reserved)
[    0.000000] SLUB: HWalign=64, Order=0-3, MinObjects=0, CPUs=4, Nodes=1
[    0.000000] rcu: Preemptible hierarchical RCU implementation.
[    0.000000] rcu: 	RCU event tracing is enabled.
[    0.000000] rcu: 	RCU restricting CPUs from NR_CPUS=256 to nr_cpu_ids=4.
[    0.000000] 	Trampoline variant of Tasks RCU enabled.
[    0.000000] rcu: RCU calculated value of scheduler-enlistment delay is 25 jiffies.
[    0.000000] rcu: Adjusting geometry for rcu_fanout_leaf=16, nr_cpu_ids=4
[    0.000000] NR_IRQS: 64, nr_irqs: 64, preallocated irqs: 0
[    0.000000] GICv3: GIC: Using split EOI/Deactivate mode
[    0.000000] GICv3: 160 SPIs implemented
[    0.000000] GICv3: 0 Extended SPIs implemented
[    0.000000] GICv3: Distributor has no Range Selector support
[    0.000000] Root IRQ handler: gic_handle_irq
[    0.000000] GICv3: 16 PPIs implemented
[    0.000000] GICv3: CPU0: found redistributor 0 region 0:0x0000000038880000
[    0.000000] ITS: No ITS available, not enabling LPIs
[    0.000000] arch_timer: cp15 timer(s) running at 8.00MHz (phys).
[    0.000000] clocksource: arch_sys_counter: mask: 0xffffffffffffff max_cycles: 0x1d854df40, max_idle_ns: 440795202120 ns
[    0.000000] sched_clock: 56 bits at 8MHz, resolution 125ns, wraps every 2199023255500ns
[    0.000450] Console: colour dummy device 80x25
[    0.000518] Calibrating delay loop (skipped), value calculated using timer frequency.. 16.00 BogoMIPS (lpj=32000)
[    0.000530] pid_max: default: 32768 minimum: 301
[    0.000587] LSM: Security Framework initializing
[    0.000685] Mount-cache hash table entries: 16384 (order: 5, 131072 bytes, linear)
[    0.000716] Mountpoint-cache hash table entries: 16384 (order: 5, 131072 bytes, linear)
[    0.002085] rcu: Hierarchical SRCU implementation.
[    0.003363] EFI services will not be available.
[    0.003571] smp: Bringing up secondary CPUs ...
[    0.004045] Detected VIPT I-cache on CPU1
[    0.004073] GICv3: CPU1: found redistributor 1 region 0:0x00000000388a0000
[    0.004109] CPU1: Booted secondary processor 0x0000000001 [0x410fd034]
[    0.004584] Detected VIPT I-cache on CPU2
[    0.004603] GICv3: CPU2: found redistributor 2 region 0:0x00000000388c0000
[    0.004622] CPU2: Booted secondary processor 0x0000000002 [0x410fd034]
[    0.005056] Detected VIPT I-cache on CPU3
[    0.005076] GICv3: CPU3: found redistributor 3 region 0:0x00000000388e0000
[    0.005093] CPU3: Booted secondary processor 0x0000000003 [0x410fd034]
[    0.005149] smp: Brought up 1 node, 4 CPUs
[    0.005176] SMP: Total of 4 processors activated.
[    0.005184] CPU features: detected: 32-bit EL0 Support
[    0.005190] CPU features: detected: 32-bit EL1 Support
[    0.005196] CPU features: detected: CRC32 instructions
[    0.013073] CPU: All CPU(s) started at EL2
[    0.013110] alternatives: patching kernel code
[    0.014942] devtmpfs: initialized
[    0.023598] KASLR disabled due to lack of seed
[    0.023740] clocksource: jiffies: mask: 0xffffffff max_cycles: 0xffffffff, max_idle_ns: 7645041785100000 ns
[    0.023757] futex hash table entries: 1024 (order: 4, 65536 bytes, linear)
[    0.051311] pinctrl core: initialized pinctrl subsystem
[    0.051797] DMI not present or invalid.
[    0.052405] NET: Registered PF_NETLINK/PF_ROUTE protocol family
[    0.057457] DMA: preallocated 1024 KiB GFP_KERNEL pool for atomic allocations
[    0.057953] DMA: preallocated 1024 KiB GFP_KERNEL|GFP_DMA pool for atomic allocations
[    0.058522] DMA: preallocated 1024 KiB GFP_KERNEL|GFP_DMA32 pool for atomic allocations
[    0.058583] audit: initializing netlink subsys (disabled)
[    0.058771] audit: type=2000 audit(0.056:1): state=initialized audit_enabled=0 res=1
[    0.059307] thermal_sys: Registered thermal governor 'step_wise'
[    0.059312] thermal_sys: Registered thermal governor 'power_allocator'
[    0.059600] cpuidle: using governor menu
[    0.059785] hw-breakpoint: found 6 breakpoint and 4 watchpoint registers.
[    0.059866] ASID allocator initialised with 65536 entries
[    0.060950] Serial: AMBA PL011 UART driver
[    0.061017] imx mu driver is registered.
[    0.061038] imx rpmsg driver is registered.
[    0.072934] imx8mp-pinctrl 30330000.pinctrl: initialized IMX pinctrl driver
[    0.083610] platform 32e80000.lcd-controller: Fixing up cyclic dependency with 32e60000.mipi_dsi
[    0.084452] platform 32c00000.bus:ldb@32ec005c: Fixing up cyclic dependency with 32e90000.lcd-controller
[    0.091559] platform 32fd8000.hdmi: Fixing up cyclic dependency with 32fc6000.lcd-controller
[    0.114167] HugeTLB registered 1.00 GiB page size, pre-allocated 0 pages
[    0.114184] HugeTLB registered 32.0 MiB page size, pre-allocated 0 pages
[    0.114194] HugeTLB registered 2.00 MiB page size, pre-allocated 0 pages
[    0.114203] HugeTLB registered 64.0 KiB page size, pre-allocated 0 pages
[    0.115363] cryptd: max_cpu_qlen set to 1000
[    0.118539] ACPI: Interpreter disabled.
[    0.119322] iommu: Default domain type: Translated 
[    0.119331] iommu: DMA domain TLB invalidation policy: strict mode 
[    0.119525] vgaarb: loaded
[    0.119817] SCSI subsystem initialized
[    0.120123] usbcore: registered new interface driver usbfs
[    0.120158] usbcore: registered new interface driver hub
[    0.120186] usbcore: registered new device driver usb
[    0.121253] mc: Linux media interface: v0.10
[    0.121278] videodev: Linux video capture interface: v2.00
[    0.121351] pps_core: LinuxPPS API ver. 1 registered
[    0.121358] pps_core: Software ver. 5.3.6 - Copyright 2005-2007 Rodolfo Giometti <giometti@linux.it>
[    0.121376] PTP clock support registered
[    0.121565] EDAC MC: Ver: 3.0.0
[    0.122765] FPGA manager framework
[    0.122851] Advanced Linux Sound Architecture Driver Initialized.
[    0.123351] Bluetooth: Core ver 2.22
[    0.123382] NET: Registered PF_BLUETOOTH protocol family
[    0.123390] Bluetooth: HCI device and connection manager initialized
[    0.123401] Bluetooth: HCI socket layer initialized
[    0.123410] Bluetooth: L2CAP socket layer initialized
[    0.123423] Bluetooth: SCO socket layer initialized
[    0.124108] clocksource: Switched to clocksource arch_sys_counter
[    0.124245] VFS: Disk quotas dquot_6.6.0
[    0.124288] VFS: Dquot-cache hash table entries: 512 (order 0, 4096 bytes)
[    0.124438] pnp: PnP ACPI: disabled
[    0.130518] NET: Registered PF_INET protocol family
[    0.130760] IP idents hash table entries: 131072 (order: 8, 1048576 bytes, linear)
[    0.133684] tcp_listen_portaddr_hash hash table entries: 4096 (order: 4, 65536 bytes, linear)
[    0.133790] Table-perturb hash table entries: 65536 (order: 6, 262144 bytes, linear)
[    0.133810] TCP established hash table entries: 65536 (order: 7, 524288 bytes, linear)
[    0.134220] TCP bind hash table entries: 65536 (order: 8, 1048576 bytes, linear)
[    0.135148] TCP: Hash tables configured (established 65536 bind 65536)
[    0.135257] UDP hash table entries: 4096 (order: 5, 131072 bytes, linear)
[    0.135412] UDP-Lite hash table entries: 4096 (order: 5, 131072 bytes, linear)
[    0.135683] NET: Registered PF_UNIX/PF_LOCAL protocol family
[    0.136128] RPC: Registered named UNIX socket transport module.
[    0.136136] RPC: Registered udp transport module.
[    0.136143] RPC: Registered tcp transport module.
[    0.136147] RPC: Registered tcp NFSv4.1 backchannel transport module.
[    0.136832] PCI: CLS 0 bytes, default 64
[    0.137456] hw perfevents: enabled with armv8_cortex_a53 PMU driver, 7 counters available
[    0.138266] kvm [1]: IPA Size Limit: 40 bits
[    0.139912] kvm [1]: GICv3: no GICV resource entry
[    0.139920] kvm [1]: disabling GICv2 emulation
[    0.139932] kvm [1]: GIC system register CPU interface enabled
[    0.140010] kvm [1]: vgic interrupt IRQ9
[    0.140129] kvm [1]: Hyp mode initialized successfully
[    0.143395] Initialise system trusted keyrings
[    0.143554] workingset: timestamp_bits=42 max_order=21 bucket_order=0
[    0.149613] squashfs: version 4.0 (2009/01/31) Phillip Lougher
[    0.150197] NFS: Registering the id_resolver key type
[    0.150230] Key type id_resolver registered
[    0.150239] Key type id_legacy registered
[    0.150315] nfs4filelayout_init: NFSv4 File Layout Driver Registering...
[    0.150323] nfs4flexfilelayout_init: NFSv4 Flexfile Layout Driver Registering...
[    0.150348] jffs2: version 2.2. (NAND) © 2001-2006 Red Hat, Inc.
[    0.150677] 9p: Installing v9fs 9p2000 file system support
[    0.185959] Key type asymmetric registered
[    0.185969] Asymmetric key parser 'x509' registered
[    0.186022] Block layer SCSI generic (bsg) driver version 0.4 loaded (major 243)
[    0.186030] io scheduler mq-deadline registered
[    0.186038] io scheduler kyber registered
[    0.193721] EINJ: ACPI disabled.
[    0.204629] imx-sdma 30bd0000.dma-controller: Direct firmware load for imx/sdma/sdma-imx7d.bin failed with error -2
[    0.204651] imx-sdma 30bd0000.dma-controller: Falling back to sysfs fallback for: imx/sdma/sdma-imx7d.bin
[    0.206434] mxs-dma 33000000.dma-apbh: initialized
[    0.208257] SoC: i.MX8MP revision 1.1
[    0.208875] Bus freq driver module loaded
[    0.215532] Serial: 8250/16550 driver, 4 ports, IRQ sharing enabled
[    0.217946] 30860000.serial: ttymxc0 at MMIO 0x30860000 (irq = 35, base_baud = 5000000) is a IMX
[    0.218465] 30880000.serial: ttymxc2 at MMIO 0x30880000 (irq = 36, base_baud = 5000000) is a IMX
[    0.218873] 30890000.serial: ttymxc1 at MMIO 0x30890000 (irq = 37, base_baud = 1500000) is a IMX
[    1.313216] printk: console [ttymxc1] enabled
[    1.332867] loop: module loaded
[    1.337500] megasas: 07.717.02.00-rc1
[    1.342879] imx ahci driver is registered.
[    1.350978] spi-nor spi0.0: mx25u25635f (32768 Kbytes)
[    1.360332] tun: Universal TUN/TAP device driver, 1.6
[    1.366352] thunder_xcv, ver 1.0
[    1.369636] thunder_bgx, ver 1.0
[    1.372900] nicpf, ver 1.0
[    1.378202] hclge is initializing
[    1.381543] hns3: Hisilicon Ethernet Network Driver for Hip08 Family - version
[    1.388773] hns3: Copyright (c) 2017 Huawei Corporation.
[    1.394140] e1000: Intel(R) PRO/1000 Network Driver
[    1.399028] e1000: Copyright (c) 1999-2006 Intel Corporation.
[    1.404813] e1000e: Intel(R) PRO/1000 Network Driver
[    1.409786] e1000e: Copyright(c) 1999 - 2015 Intel Corporation.
[    1.415749] igb: Intel(R) Gigabit Ethernet Network Driver
[    1.421188] igb: Copyright (c) 2007-2014 Intel Corporation.
[    1.426805] igbvf: Intel(R) Gigabit Virtual Function Network Driver
[    1.433084] igbvf: Copyright (c) 2009 - 2012 Intel Corporation.
[    1.439221] sky2: driver version 1.30
[    1.443630] usbcore: registered new interface driver r8152
[    1.449385] VFIO - User Level meta-driver version: 0.3
[    1.460619] ehci_hcd: USB 2.0 'Enhanced' Host Controller (EHCI) Driver
[    1.467226] ehci-pci: EHCI PCI platform driver
[    1.471744] ehci-platform: EHCI generic platform driver
[    1.477278] ohci_hcd: USB 1.1 'Open' Host Controller (OHCI) Driver
[    1.483492] ohci-pci: OHCI PCI platform driver
[    1.487981] ohci-platform: OHCI generic platform driver
[    1.494160] usbcore: registered new interface driver uas
[    1.499527] usbcore: registered new interface driver usb-storage
[    1.505608] usbcore: registered new interface driver usbserial_generic
[    1.512163] usbserial: USB Serial support registered for generic
[    1.518205] usbcore: registered new interface driver ftdi_sio
[    1.523977] usbserial: USB Serial support registered for FTDI USB Serial Device
[    1.531324] usbcore: registered new interface driver usb_serial_simple
[    1.537874] usbserial: USB Serial support registered for carelink
[    1.543991] usbserial: USB Serial support registered for zio
[    1.549674] usbserial: USB Serial support registered for funsoft
[    1.555703] usbserial: USB Serial support registered for flashloader
[    1.562076] usbserial: USB Serial support registered for google
[    1.568015] usbserial: USB Serial support registered for libtransistor
[    1.574560] usbserial: USB Serial support registered for vivopay
[    1.580588] usbserial: USB Serial support registered for moto_modem
[    1.586876] usbserial: USB Serial support registered for motorola_tetra
[    1.593511] usbserial: USB Serial support registered for nokia
[    1.599365] usbserial: USB Serial support registered for novatel_gps
[    1.605739] usbserial: USB Serial support registered for hp4x
[    1.611507] usbserial: USB Serial support registered for suunto
[    1.617453] usbserial: USB Serial support registered for siemens_mpi
[    1.623841] usbcore: registered new interface driver usb_ehset_test
[    1.633333] input: 30370000.snvs:snvs-powerkey as /devices/platform/soc@0/30000000.bus/30370000.snvs/30370000.snvs:snvs-powerkey/input/input0
[    1.648220] snvs_rtc 30370000.snvs:snvs-rtc-lp: registered as rtc0
[    1.654438] snvs_rtc 30370000.snvs:snvs-rtc-lp: setting system clock to 1970-01-01T00:00:00 UTC (0)
[    1.663648] i2c_dev: i2c /dev entries driver
[    1.672991] Bluetooth: HCI UART driver ver 2.3
[    1.677459] Bluetooth: HCI UART protocol H4 registered
[    1.682605] Bluetooth: HCI UART protocol BCSP registered
[    1.687952] Bluetooth: HCI UART protocol LL registered
[    1.693100] Bluetooth: HCI UART protocol ATH3K registered
[    1.698522] Bluetooth: HCI UART protocol Three-wire (H5) registered
[    1.704902] Bluetooth: HCI UART protocol Broadcom registered
[    1.710585] Bluetooth: HCI UART protocol QCA registered
[    1.716065] EDAC MC: ECC not enabled
[    1.721233] sdhci: Secure Digital Host Controller Interface driver
[    1.727433] sdhci: Copyright(c) Pierre Ossman
[    1.732636] Synopsys Designware Multimedia Card Interface Driver
[    1.739438] sdhci-pltfm: SDHCI platform and OF driver helper
[    1.747577] ledtrig-cpu: registered to indicate activity on CPUs
[    1.754622] SMCCC: SOC_ID: ARCH_SOC_ID not implemented, skipping ....
[    1.761569] usbcore: registered new interface driver usbhid
[    1.767155] usbhid: USB HID core driver
[    1.776401]  cs_system_cfg: CoreSight Configuration manager initialised
[    1.778068] mmc2: SDHCI controller on 30b60000.mmc [30b60000.mmc] using ADMA
[    1.784762] optee: probing for conduit method.
[    1.794625] optee: revision 3.19 (00919403)
[    1.795775] optee: dynamic shared memory is enabled
[    1.805239] optee: initialized driver
[    1.811689] Galcore version 6.4.3.p4.398061
[    1.922039] mmc2: new HS400 MMC card at address 0001
[    1.925736] [drm] Initialized vivante 1.0.0 20170808 for 40000000.mix_gpu_ml on minor 0
[    1.928084] mmcblk2: mmc2:0001 ML3608 7.13 GiB 
[    1.936550] hantrodec 0 : module inserted. Major = 510
[    1.945279] mmcblk2boot0: mmc2:0001 ML3608 4.00 MiB 
[    1.945291] hantrodec 1 : module inserted. Major = 510
[    1.951286] mmcblk2boot1: mmc2:0001 ML3608 4.00 MiB 
[    1.957083] hantroenc: HW at base <0000000038320000> with ID <0x80006200>
[    1.961590] mmcblk2rpmb: mmc2:0001 ML3608 4.00 MiB, chardev (234:0)
[    1.967307] hx280enc: module inserted. Major <509>
[    1.983744] NET: Registered PF_LLC protocol family
[    1.989055] NET: Registered PF_INET6 protocol family
[    1.995673] Segment Routing with IPv6
[    1.999399] In-situ OAM (IOAM) with IPv6
[    2.003367] NET: Registered PF_PACKET protocol family
[    2.009418] Bluetooth: RFCOMM TTY layer initialized
[    2.014317] Bluetooth: RFCOMM socket layer initialized
[    2.019512] Bluetooth: RFCOMM ver 1.11
[    2.023291] Bluetooth: BNEP (Ethernet Emulation) ver 1.3
[    2.028613] Bluetooth: BNEP filters: protocol multicast
[    2.033851] Bluetooth: BNEP socket layer initialized
[    2.038822] Bluetooth: HIDP (Human Interface Emulation) ver 1.2
[    2.044750] Bluetooth: HIDP socket layer initialized
[    2.050461] 8021q: 802.1Q VLAN Support v1.8
[    2.054672] lib80211: common routines for IEEE802.11 drivers
[    2.060465] 9pnet: Installing 9P2000 support
[    2.064768] tsn generic netlink module v1 init...
[    2.069577] Key type dns_resolver registered
[    2.074401] Loading compiled-in X.509 certificates
[    2.161863] nxp-pca9450 0-0025: pca9450bc probed.
[    2.166683] i2c i2c-0: IMX I2C adapter registered
[    2.172840] i2c 1-003d: Fixing up cyclic dependency with 32e60000.mipi_dsi
[    2.179886] adv7511 1-003d: supply avdd not found, using dummy regulator
[    2.186699] adv7511 1-003d: supply dvdd not found, using dummy regulator
[    2.193444] adv7511 1-003d: supply pvdd not found, using dummy regulator
[    2.200192] adv7511 1-003d: supply a2vdd not found, using dummy regulator
[    2.207028] adv7511 1-003d: supply v3p3 not found, using dummy regulator
[    2.213769] adv7511 1-003d: supply v1p2 not found, using dummy regulator
[    2.222249] adv7511 1-003d: Probe failed. Remote port 'mipi_dsi@32e60000' disabled
[    2.230078] i2c 1-004c: Fixing up cyclic dependency with 32c00000.bus:ldb@32ec005c
[    2.292656] it6263 1-004c: Probe failed. Remote port 'lvds-channel@0' disabled
[    2.300122] i2c 1-003c: Fixing up cyclic dependency with 32e40000.csi
[    2.307143] ov5640 1-003c: supply DOVDD not found, using dummy regulator
[    2.313961] ov5640 1-003c: supply AVDD not found, using dummy regulator
[    2.320619] ov5640 1-003c: supply DVDD not found, using dummy regulator
[    2.374644] ov5640 1-003c: ov5640_read_reg: error: reg=300a
[    2.380231] ov5640 1-003c: ov5640_check_chip_id: failed to read chip identifier
[    2.387964] i2c 1-0050: Fixing up cyclic dependency with 38100000.usb
[    2.395569] i2c i2c-1: IMX I2C adapter registered
[    2.401850] pca953x 2-0020: supply vcc not found, using dummy regulator
[    2.408588] pca953x 2-0020: using no AI
[    2.412971] pca953x 2-0020: failed writing register
[    2.418340] i2c i2c-2: IMX I2C adapter registered
[    2.424025] imx8mq-usb-phy 381f0040.usb-phy: supply vbus not found, using dummy regulator
[    2.432610] imx8mq-usb-phy 382f0040.usb-phy: supply vbus not found, using dummy regulator
[    2.442889] pwm-backlight lvds_backlight: supply power not found, using dummy regulator
[    2.443692] imx6q-pcie 33800000.pcie: supply epdev_on not found, using dummy regulator
[    2.459240] imx6q-pcie 33800000.pcie: EXT REF_CLK is used!.
[    2.465431] imx6q-pcie 33800000.pcie: PCIe PHY PLL clock is locked.
[    2.485516] pps pps0: new PPS source ptp0
[    2.549851] pcie phy pipe clk is not ready
[    2.553969] phy phy-32f00000.pcie-phy.4: phy init failed --> -110
[    2.560075] imx6q-pcie 33800000.pcie: Waiting for PHY PLL ready timeout!
[    2.587293] imx6q-pcie 33800000.pcie: PCIe PLL lock timeout
[    2.592954] imx6q-pcie 33800000.pcie: iATU unroll: enabled
[    2.598450] imx6q-pcie 33800000.pcie: Detected iATU regions: 4 outbound, 4 inbound
[    2.605189] fec 30be0000.ethernet eth0: registered PHC device 0
[    2.606042] imx6q-pcie 33800000.pcie: host bridge /soc@0/pcie@33800000 ranges:
[    2.612966] imx-dwmac 30bf0000.ethernet: IRQ eth_lpi not found
[    2.619177] imx6q-pcie 33800000.pcie:   No bus range found for /soc@0/pcie@33800000, using [bus 00-ff]
[    2.625078] imx-dwmac 30bf0000.ethernet: force_sf_dma_mode is ignored if force_thresh_dma_mode is set.
[    2.634353] imx6q-pcie 33800000.pcie:       IO 0x001ff80000..0x001ff8ffff -> 0x0000000000
[    2.644809] imx-dwmac 30bf0000.ethernet: User ID: 0x10, Synopsys ID: 0x51
[    2.651828] imx6q-pcie 33800000.pcie:      MEM 0x0018000000..0x001fefffff -> 0x0018000000
[    2.658605] imx-dwmac 30bf0000.ethernet: 	DWMAC4/5
[    2.666913] imx6q-pcie 33800000.pcie: iATU unroll: enabled
[    2.671576] imx-dwmac 30bf0000.ethernet: DMA HW capability register supported
[    2.677065] imx6q-pcie 33800000.pcie: Detected iATU regions: 4 outbound, 4 inbound
[    2.684202] imx-dwmac 30bf0000.ethernet: RX Checksum Offload Engine supported
[    2.698908] imx-dwmac 30bf0000.ethernet: Wake-Up On Lan supported
[    2.705059] imx-dwmac 30bf0000.ethernet: Enable RX Mitigation via HW Watchdog Timer
[    2.712732] imx-dwmac 30bf0000.ethernet: Enabled L3L4 Flow TC (entries=8)
[    2.719535] imx-dwmac 30bf0000.ethernet: Enabled RFS Flow TC (entries=8)
[    2.726250] imx-dwmac 30bf0000.ethernet: Enabling HW TC (entries=256, max_off=256)
[    2.733831] imx-dwmac 30bf0000.ethernet: Using 34 bits DMA width
[    2.740516] mdio_bus stmmac-1: MDIO device at address 1 is missing.
[    2.749964] xhci-hcd xhci-hcd.1.auto: xHCI Host Controller
[    2.755502] xhci-hcd xhci-hcd.1.auto: new USB bus registered, assigned bus number 1
[    2.763508] xhci-hcd xhci-hcd.1.auto: hcc params 0x0220fe6d hci version 0x110 quirks 0x0000002001010010
[    2.772971] xhci-hcd xhci-hcd.1.auto: irq 86, io mem 0x38200000
[    2.779023] xhci-hcd xhci-hcd.1.auto: xHCI Host Controller
[    2.784560] xhci-hcd xhci-hcd.1.auto: new USB bus registered, assigned bus number 2
[    2.792231] xhci-hcd xhci-hcd.1.auto: Host supports USB 3.0 SuperSpeed
[    2.799906] hub 1-0:1.0: USB hub found
[    2.803687] hub 1-0:1.0: 1 port detected
[    2.807904] usb usb2: We don't know the algorithms for LPM for this host, disabling LPM.
[    2.817058] hub 2-0:1.0: USB hub found
[    2.820839] hub 2-0:1.0: 1 port detected
[    2.825835] imx-cpufreq-dt imx-cpufreq-dt: cpu speed grade 7 mkt segment 2 supported-hw 0x80 0x4
[    2.835451] Hot alarm is canceled. GPU3D clock will return to 64/64
[    2.844824] sdhci-esdhc-imx 30b50000.mmc: Got CD GPIO
[    2.845095] mxc-mipi-csi2-sam 32e40000.csi: supply mipi-phy not found, using dummy regulator
[    2.858676] : mipi_csis_imx8mp_phy_reset, No remote pad found!
[    2.864570] mxc-mipi-csi2-sam 32e40000.csi: lanes: 2, hs_settle: 13, clk_settle: 2, wclk: 1, freq: 500000000
[    2.876054] isi-capture 32e00000.isi:cap_device: deferring 32e00000.isi:cap_device device registration
[    2.885680] mmc1: SDHCI controller on 30b50000.mmc [30b50000.mmc] using ADMA
[    2.886199] mxc-isi 32e00000.isi: mxc_isi.0 registered successfully
[    2.902313] dwhdmi-imx 32fd8000.hdmi: Detected HDMI TX controller v2.13a with HDCP (samsung_dw_hdmi_phy2)
[    2.914143] dwhdmi-imx 32fd8000.hdmi: registered DesignWare HDMI I2C bus driver
[    2.924022] imx-drm display-subsystem: bound imx-lcdifv3-crtc.0 (ops lcdifv3_crtc_ops)
[    2.932028] imx-drm display-subsystem: bound imx-lcdifv3-crtc.1 (ops lcdifv3_crtc_ops)
[    2.939985] imx-drm display-subsystem: bound imx-lcdifv3-crtc.2 (ops lcdifv3_crtc_ops)
[    2.947994] imx_sec_dsim_drv 32e60000.mipi_dsi: version number is 0x1060200
[    2.955002] [drm:drm_bridge_attach] *ERROR* failed to attach bridge /soc@0/bus@32c00000/mipi_dsi@32e60000 to encoder DSI-40: -19
[    2.966591] imx_sec_dsim_drv 32e60000.mipi_dsi: Failed to attach bridge: 32e60000.mipi_dsi
[    2.968132] mmc1: error -123 whilst initialising SD card
[    2.974861] imx_sec_dsim_drv 32e60000.mipi_dsi: failed to bind sec dsim bridge: -19
[    2.987836] imx-drm display-subsystem: bound 32e60000.mipi_dsi (ops imx_sec_dsim_ops)
[    2.995746] imx-drm display-subsystem: bound 32c00000.bus:ldb@32ec005c (ops imx8mp_ldb_ops)
[    3.004136] imx-drm display-subsystem: bound 32fd8000.hdmi (ops dw_hdmi_imx_ops)
[    3.012410] [drm] Initialized imx-drm 1.0.0 20120507 for display-subsystem on minor 1
[    3.091503] mmc1: error -123 whilst initialising SD card
[    3.211495] mmc1: error -123 whilst initialising SD card
[    3.345894] mmc1: error -123 whilst initialising SD card
[    3.355608] Console: switching to colour frame buffer device 100x37
[    3.383493] imx-drm display-subsystem: [drm] fb0: imx-drmdrmfb frame buffer device
[    3.397807] isi-m2m 32e00000.isi:m2m_device: Register m2m success for ISI.0
[    3.404971] cfg80211: Loading compiled-in X.509 certificates for regulatory database
[    3.415122] cfg80211: Loaded X.509 cert 'sforshee: 00b28ddf47aef9cea7'
[    3.421745] platform regulatory.0: Direct firmware load for regulatory.db failed with error -2
[    3.430369] platform regulatory.0: Falling back to sysfs fallback for: regulatory.db
[    3.445673] ALSA device list:
[    3.448665]   No soundcards found.
[    3.685990] imx6q-pcie 33800000.pcie: Phy link never came up
[    3.691704] imx6q-pcie: probe of 33800000.pcie failed with error -110
[    3.699563] Waiting for root device /dev/mmcblk1p2...
[   60.412469] imx-sdma 30e10000.dma-controller: Direct firmware load for imx/sdma/sdma-imx7d.bin failed with error -2
[   60.422936] imx-sdma 30e10000.dma-controller: Falling back to sysfs fallback for: imx/sdma/sdma-imx7d.bin
[   64.480489] cfg80211: failed to load regulatory.db
[   78.272425] random: crng init done
[  121.824795] imx-sdma 30e10000.dma-controller: external firmware not found, using ROM firmware
[  121.825045] imx-sdma 30bd0000.dma-controller: external firmware not found, using ROM firmware

^ permalink raw reply	[flat|nested] 2+ messages in thread
* Re: [yocto] Failed to load regulatory.db file and error whitlist initialise SD CARD #yocto #linux #bitbake #imx8 #imx6 #kirkstone
  2023-03-18 20:12 Failed to load regulatory.db file and error whitlist initialise SD CARD #yocto #linux #bitbake #imx8 #imx6 #kirkstone Nikita Gupta
@ 2023-03-19  2:20 ` Tim Orling
  0 siblings, 0 replies; 2+ messages in thread
From: Tim Orling @ 2023-03-19  2:20 UTC (permalink / raw)
  To: Nikita Gupta; +Cc: yocto

[-- Attachment #1: Type: text/plain, Size: 5348 bytes --]

On Sat, Mar 18, 2023 at 1:12 PM Nikita Gupta <nikitagupta2509@gmail.com>
wrote:

> Hello all,
>
> I have made linux image for IMX8MPLUS with the help of Yocto and flash the
> image on a custom board which is using IMX8MPLUS processor (Image made for
> IMX8MPLUS will be required for that board) when i flash that image on
> IMX8MPLUS-evk Board then it works fine but when i flash that image on that
> custom board it does'nt boot properly and showing below  errors .  It is
> not reaching till user prompt as in evk board appears and showing failed to
> load regualtory.db file.
>
> I am putting logs here only of errors and complete file of log i am
> attaching in attachment.
>
> [*]-Video Link 0adv7535_mipi2hdmi adv7535@3d: Can't find cec device
> id=0x3c
> fail to probe panel device adv7535@3d
> fail to get display timings
> probe video device failed, ret -19
>
> [0] lcd-controller@32e80000, video
> [1] mipi_dsi@32e60000, video_bridge
> [2] adv7535@3d, panel
> adv7535_mipi2hdmi adv7535@3d: Can't find cec device id=0x3c
> fail to probe panel device adv7535@3d
> fail to get display timings
> probe video device failed, ret -19
> In:    serial
> Out:   serial
> Err:   serial
> SEC0:  RNG instantiated
>
>  BuildInfo:
>   - ATF 3c1583b
>
> MMC: no card present
> flash target is MMC:1
> MMC: no card present
> MMC card init failed!
> MMC: no card present
> ** Block device MMC 1 not supported
> Net:
> Warning: ethernet@30bf0000 (eth1) using random MAC address -
> 2a:99:bd:59:06:d1
>
> Warning: ethernet@30be0000 (eth0) using random MAC address -
> 62:30:24:eb:30:15
> eth0: ethernet@30be0000, eth1: ethernet@30bf0000 [PRIME]
> Fastboot: Normal
> Normal Boot
>
> [    0.204629] imx-sdma 30bd0000.dma-controller: Direct firmware load for
> imx/sdma/sdma-imx7d.bin failed with error -2
> [    0.204651] imx-sdma 30bd0000.dma-controller: Falling back to sysfs
> fallback for: imx/sdma/sdma-imx7d.bin
> [    0.206434] mxs-dma 33000000.dma-apbh: initialized
> [    0.208257] SoC: i.MX8MP revision 1.1
> [    0.208875] Bus freq driver module loaded
>
> [    2.995746] imx-drm display-subsystem: bound 32c00000.bus:ldb@32ec005c
> (ops imx8mp_ldb_ops)
> [    3.004136] imx-drm display-subsystem: bound 32fd8000.hdmi (ops
> dw_hdmi_imx_ops)
> [    3.012410] [drm] Initialized imx-drm 1.0.0 20120507 for
> display-subsystem on minor 1
> [    3.091503] mmc1: error -123 whilst initialising SD card
> [    3.211495] mmc1: error -123 whilst initialising SD card
> [    3.345894] mmc1: error -123 whilst initialising SD card
> [    3.355608] Console: switching to colour frame buffer device 100x37
> [    3.383493] imx-drm display-subsystem: [drm] fb0: imx-drmdrmfb frame
> buffer device
> [    3.397807] isi-m2m 32e00000.isi:m2m_device: Register m2m success for
> ISI.0
> [    3.404971] cfg80211: Loading compiled-in X.509 certificates for
> regulatory database
> [    3.415122] cfg80211: Loaded X.509 cert 'sforshee: 00b28ddf47aef9cea7'
> [    3.421745] platform regulatory.0: Direct firmware load for
> regulatory.db failed with error -2
>

This is provided by wireless-regdb
https://git.yoctoproject.org/poky/tree/meta/recipes-kernel/wireless-regdb/wireless-regdb_2023.02.13.bb

[    3.430369] platform regulatory.0: Falling back to sysfs fallback for:
> regulatory.db
> [    3.445673] ALSA device list:
> [    3.448665]   No soundcards found.
> [    3.685990] imx6q-pcie 33800000.pcie: Phy link never came up
> [    3.691704] imx6q-pcie: probe of 33800000.pcie failed with error -110
> [    3.699563] Waiting for root device /dev/mmcblk1p2...
> [   60.412469] imx-sdma 30e10000.dma-controller: Direct firmware load for
> imx/sdma/sdma-imx7d.bin failed with error -2
>

This is provided by linux-firmware-imx-sdma-imx7
https://git.yoctoproject.org/poky/tree/meta/recipes-kernel/linux-firmware/linux-firmware_20230210.bb


FILES:${PN}-imx-sdma-imx7d =
"${nonarch_base_libdir}/firmware/imx/sdma/sdma-imx7d.bin"


[   60.422936] imx-sdma 30e10000.dma-controller: Falling back to sysfs
> fallback for: imx/sdma/sdma-imx7d.bin
> [   64.480489] cfg80211: failed to load regulatory.db
> [   78.272425] random: crng init done
> [  121.824795] imx-sdma 30e10000.dma-controller: external firmware not
> found, using ROM firmware
> [  121.825045] imx-sdma 30bd0000.dma-controller: external firmware not
> found, using ROM firmware
>
> What i tried to resolve this . I enablea DMA Support and SDMA Driver in
> kernel configuration by "bitbake linux-imx -c menuconfig". But getting same
> error. Please help me into this.
>
>
> -=-=-=-=-=-=-=-=-=-=-=-
> Links: You receive all messages sent to this group.
> View/Reply Online (#59462):
> https://lists.yoctoproject.org/g/yocto/message/59462
> Mute This Topic: https://lists.yoctoproject.org/mt/97700065/924729
> Mute #imx6:https://lists.yoctoproject.org/g/yocto/mutehashtag/imx6
> Mute #kirkstone:
> https://lists.yoctoproject.org/g/yocto/mutehashtag/kirkstone
> Mute #yocto:https://lists.yoctoproject.org/g/yocto/mutehashtag/yocto
> Mute #linux:https://lists.yoctoproject.org/g/yocto/mutehashtag/linux
> Mute #bitbake:https://lists.yoctoproject.org/g/yocto/mutehashtag/bitbake
> Mute #imx8:https://lists.yoctoproject.org/g/yocto/mutehashtag/imx8
> Group Owner: yocto+owner@lists.yoctoproject.org
> Unsubscribe: https://lists.yoctoproject.org/g/yocto/unsub [
> ticotimo@gmail.com]
> -=-=-=-=-=-=-=-=-=-=-=-
>
>

[-- Attachment #2: Type: text/html, Size: 10060 bytes --]

^ permalink raw reply	[flat|nested] 2+ messages in thread
end of thread, other threads:[~2023-03-19  2:20 UTC | newest]

Thread overview: 2+ messages (download: mbox.gz / follow: Atom feed)
-- links below jump to the message on this page --
2023-03-18 20:12 Failed to load regulatory.db file and error whitlist initialise SD CARD #yocto #linux #bitbake #imx8 #imx6 #kirkstone Nikita Gupta
2023-03-19  2:20 ` [yocto] " Tim Orling

